[matthew.wagerfield.com/parallax/index.html]
[backblue.gif]
[fade.gif]
[index.html]
[matthew.wagerfield.com/parallax/assets/images/thumbnail.png]
[matthew.wagerfield.com/parallax/parallax.js]
[matthew.wagerfield.com/parallax/humans.txt]
[matthew.wagerfield.com/parallax/assets/styles/css/styles.css]
[matthew.wagerfield.com/favicon.png]
[matthew.wagerfield.com/parallax/favicon.png]
[matthew.wagerfield.com/parallax/apple-touch-icon-144x144-precomposed.png]
[matthew.wagerfield.com/parallax/apple-touch-icon-114x114-precomposed.png]
[matthew.wagerfield.com/parallax/apple-touch-icon-72x72-precomposed.png]
[matthew.wagerfield.com/parallax/apple-touch-icon-57x57-precomposed.png]
[matthew.wagerfield.com/parallax/apple-touch-startup-image-320x460.png]
[matthew.wagerfield.com/parallax/apple-touch-startup-image-640x920.png]
[matthew.wagerfield.com/parallax/apple-touch-startup-image-768x1004.png]
[matthew.wagerfield.com/parallax/apple-touch-startup-image-748x1024.png]
[matthew.wagerfield.com/parallax/apple-touch-startup-image-1536x2008.png]
[matthew.wagerfield.com/parallax/apple-touch-startup-image-2048x1496.png]
[www.google-analytics.com/analytics.js]
[matthew.wagerfield.com/parallax/assets/images/rope.png]
[matthew.wagerfield.com/parallax/assets/images/tilt.png]
[matthew.wagerfield.com/parallax/deploy/jquery.parallax.js]
[connect.facebook.net/en_GB/all.js]
[matthew.wagerfield.com/parallax/index.html]
[matthew.wagerfield.com/parallax/assets/scripts/js/libraries.min.js]
[matthew.wagerfield.com/parallax/parallax.html]
[matthew.wagerfield.com/parallax/assets/fonts/icons/icons.eot]
[matthew.wagerfield.com/parallax/assets/fonts/icons/iconsd41d.eot]
[matthew.wagerfield.com/parallax/assets/fonts/icons/icons.woff]
[matthew.wagerfield.com/parallax/assets/fonts/icons/icons.ttf]
[matthew.wagerfield.com/parallax/assets/fonts/icons/icons.svg]
[matthew.wagerfield.com/parallax/assets/images/cable.png]
[matthew.wagerfield.com/parallax/assets/images/panel.jpg]
[matthew.wagerfield.com/parallax/assets/images/compass.png]
[matthew.wagerfield.com/parallax/assets/images/map.png]
[matthew.wagerfield.com/parallax/assets/images/background.jpg]
[matthew.wagerfield.com/parallax/assets/images/lighthouse.png]
[matthew.wagerfield.com/parallax/assets/images/wave-plain.png]
[matthew.wagerfield.com/parallax/assets/images/wave-paint.png]
[matthew.wagerfield.com/parallax/assets/images/light-orange.png]
[matthew.wagerfield.com/parallax/assets/images/light-purple.png]
[matthew.wagerfield.com/parallax/assets/images/board-birds.png]
[matthew.wagerfield.com/parallax/assets/images/board-cloud-1.png]
[matthew.wagerfield.com/parallax/assets/images/board-cloud-2.png]
[matthew.wagerfield.com/parallax/assets/images/board-cloud-3.png]
[matthew.wagerfield.com/parallax/assets/images/board-cloud-4.png]
[matthew.wagerfield.com/parallax/assets/graphics/awwwards_sotd_black_left.png]
[matthew.wagerfield.com/parallax/assets/graphics/awwwards_sotd_black_right.png]
[matthew.wagerfield.com/parallax/assets/graphics/awwwards_sotd_white_left.png]
[matthew.wagerfield.com/parallax/assets/graphics/awwwards_sotd_white_right.png]
[matthew.wagerfield.com/parallax/assets/graphics/awwwards_sotd_green_left.png]
[matthew.wagerfield.com/parallax/assets/graphics/awwwards_sotd_green_right.png]
[matthew.wagerfield.com/parallax/assets/graphics/awwwards_sotd_black_left2x.png]
[matthew.wagerfield.com/parallax/assets/graphics/awwwards_sotd_black_right2x.png]
[matthew.wagerfield.com/parallax/assets/graphics/awwwards_sotd_white_left2x.png]
[matthew.wagerfield.com/parallax/assets/graphics/awwwards_sotd_white_right2x.png]
[matthew.wagerfield.com/parallax/assets/graphics/awwwards_sotd_green_left2x.png]
[matthew.wagerfield.com/parallax/assets/graphics/awwwards_sotd_green_right2x.png]
[matthew.wagerfield.com/parallax/assets/styles/css/styles.css]
[matthew.wagerfield.com/parallax/apple-touch-startup-image-320x460.html]
[matthew.wagerfield.com/parallax/apple-touch-startup-image-640x920.html]
[matthew.wagerfield.com/parallax/apple-touch-startup-image-768x1004.html]
[matthew.wagerfield.com/parallax/apple-touch-startup-image-748x1024.html]
[matthew.wagerfield.com/parallax/apple-touch-startup-image-1536x2008.html]
[matthew.wagerfield.com/parallax/apple-touch-startup-image-2048x1496.html]
[connect.facebook.net/en_GB/all.js]
[matthew.wagerfield.com/parallax/assets/fonts/icons/icons.svg]
[matthew.wagerfield.com/parallax/assets/graphics/awwwards_sotd_black_right.html]
[matthew.wagerfield.com/parallax/assets/graphics/awwwards_sotd_white_right.html]
[matthew.wagerfield.com/parallax/assets/graphics/awwwards_sotd_green_left.html]
[matthew.wagerfield.com/parallax/assets/graphics/awwwards_sotd_green_right.html]
[matthew.wagerfield.com/parallax/assets/graphics/awwwards_sotd_black_right2x.html]
[matthew.wagerfield.com/parallax/assets/graphics/awwwards_sotd_white_right2x.html]
[matthew.wagerfield.com/parallax/assets/graphics/awwwards_sotd_green_left2x.html]
[matthew.wagerfield.com/parallax/assets/graphics/awwwards_sotd_green_right2x.html]
