[matthew.wagerfield.com/parallax/index.html]
[backblue.gif]
[fade.gif]
[index.html]
[matthew.wagerfield.com/parallax/assets/images/thumbnail.png]
[matthew.wagerfield.com/parallax/parallax.js]
[matthew.wagerfield.com/parallax/humans.txt]
[matthew.wagerfield.com/parallax/assets/styles/css/styles.css]
[matthew.wagerfield.com/favicon.png]
[matthew.wagerfield.com/parallax/favicon.png]
[matthew.wagerfield.com/parallax/apple-touch-icon-144x144-precomposed.png]
[matthew.wagerfield.com/parallax/apple-touch-icon-114x114-precomposed.png]
[matthew.wagerfield.com/parallax/apple-touch-icon-72x72-precomposed.png]
[matthew.wagerfield.com/parallax/apple-touch-icon-57x57-precomposed.png]
[matthew.wagerfield.com/parallax/apple-touch-startup-image-320x460.png]
[matthew.wagerfield.com/parallax/apple-touch-startup-image-640x920.png]
[matthew.wagerfield.com/parallax/apple-touch-startup-image-768x1004.png]
[matthew.wagerfield.com/parallax/apple-touch-startup-image-748x1024.png]
[matthew.wagerfield.com/parallax/apple-touch-startup-image-1536x2008.png]
[matthew.wagerfield.com/parallax/apple-touch-startup-image-2048x1496.png]
[www.google-analytics.com/analytics.js]
[matthew.wagerfield.com/parallax/assets/images/rope.png]
[matthew.wagerfield.com/parallax/assets/images/tilt.png]
[matthew.wagerfield.com/parallax/deploy/jquery.parallax.js]
[connect.facebook.net/en_GB/all.js]
[matthew.wagerfield.com/parallax/index.html]
